[2026-03-27T05:05:09.202Z] [debug]  DEBUG  [Statsig] Enqueued Event: {eventName: auto_capture::page_view, value: https://www.viewstats.com/@mrbeast/outliers, metadata: Object, user: Object, time: 1774587909200}
[2026-03-27T05:05:09.203Z] [debug]  DEBUG  [Statsig] Enqueued Event: {eventName: auto_capture::session_start, value: https://www.viewstats.com/@mrbeast/outliers, metadata: Object, user: Object, time: 1774587909203}
[2026-03-27T05:05:09.213Z] [debug]  DEBUG  [Statsig] Enqueued Event: {eventName: auto_capture::error, value: Uncaught Error: Minified React error #419; visit h… for full errors and additional helpful warnings., metadata: Object, user: Object, time: 1774587909211}
[2026-03-27T05:05:09.244Z] [debug]  DEBUG  [Statsig] Enqueued Event: {eventName: auto_capture::performance, value: https://www.viewstats.com/@mrbeast/outliers, metadata: Object, user: Object, time: 1774587909241}
[2026-03-27T05:05:09.560Z] [warning] [Meta Pixel] - Duplicate Pixel ID: 1287287665941826.
[2026-03-27T05:05:09.562Z] [debug]  DEBUG  [Statsig] Enqueued Event: {eventName: statsig::diagnostics, user: Object, value: null, metadata: Object, time: 1774587909562}
[2026-03-27T05:05:10.854Z] [error] Failed to load resource: the server responded with a status of 401 ()
[2026-03-27T05:05:12.074Z] [error] Failed to load resource: the server responded with a status of 401 ()
[2026-03-27T05:05:14.330Z] [error] Failed to load resource: the server responded with a status of 401 ()
[2026-03-27T05:05:18.534Z] [error] Failed to load resource: the server responded with a status of 401 ()
[2026-03-27T05:05:23.064Z] [warning] The resource https://px.ads.linkedin.com/collect/?pid=5727050&fmt=gif was preloaded using link preload but not used within a few seconds from the window's load event. Please make sure it has an appropriate `as` value and it is preloaded intentionally.
[2026-03-27T05:05:23.064Z] [warning] The resource https://www.facebook.com/tr?id=1287287665941826&ev=PageView&noscript=1 was preloaded using link preload but not used within a few seconds from the window's load event. Please make sure it has an appropriate `as` value and it is preloaded intentionally.
[2026-03-27T05:05:23.891Z] [debug]  DEBUG  [Statsig] Enqueued Event: {eventName: auto_capture::page_view_end, value: https://www.viewstats.com/@mrbeast/outliers, metadata: Object, user: Object, time: 1774587923889}
[2026-03-27T05:05:24.718Z] [debug]  DEBUG  [Statsig] Enqueued Event: {eventName: auto_capture::page_view, value: https://www.viewstats.com/@mrbeast/channelytics, metadata: Object, user: Object, time: 1774587924717}
[2026-03-27T05:05:24.743Z] [debug]  DEBUG  [Statsig] Enqueued Event: {eventName: auto_capture::performance, value: https://www.viewstats.com/@mrbeast/channelytics, metadata: Object, user: Object, time: 1774587924743}
[2026-03-27T05:05:24.812Z] [warning] [Meta Pixel] - Duplicate Pixel ID: 1287287665941826.
[2026-03-27T05:05:24.981Z] [debug]  DEBUG  [Statsig] Enqueued Event: {eventName: statsig::config_exposure, user: Object, value: null, metadata: Object, secondaryExposures: Array(0)}
[2026-03-27T05:05:24.982Z] [debug]  DEBUG  [Statsig] Enqueued Event: {eventName: banner_variant_shown, value: b, metadata: undefined, user: Object, time: 1774587924885}
[2026-03-27T05:05:24.984Z] [debug]  DEBUG  [Statsig] Enqueued Event: {eventName: statsig::diagnostics, user: Object, value: null, metadata: Object, time: 1774587924944}
[2026-03-27T05:05:24.985Z] [debug]  DEBUG  [Statsig] Enqueued Event: {eventName: statsig::config_exposure, user: Object, value: null, metadata: Object, secondaryExposures: Array(0)}
[2026-03-27T05:05:24.985Z] [debug]  DEBUG  [Statsig] Enqueued Event: {eventName: banner_variant_shown, value: b, metadata: undefined, user: Object, time: 1774587924946}
[2026-03-27T05:05:25.183Z] [error] Failed to load resource: the server responded with a status of 401 ()
[2026-03-27T05:05:26.398Z] [error] Failed to load resource: the server responded with a status of 401 ()
[2026-03-27T05:05:28.573Z] [error] Failed to load resource: the server responded with a status of 401 ()
[2026-03-27T05:05:32.744Z] [error] Failed to load resource: the server responded with a status of 401 ()
[2026-03-27T05:05:36.273Z] [debug]  DEBUG  [Statsig] Enqueued Event: {eventName: auto_capture::page_view_end, value: https://www.viewstats.com/@mrbeast/channelytics, metadata: Object, user: Object, time: 1774587936272}
[2026-03-27T05:05:36.766Z] [debug]  DEBUG  [Statsig] Enqueued Event: {eventName: auto_capture::page_view, value: https://www.viewstats.com/info, metadata: Object, user: Object, time: 1774587936766}
[2026-03-27T05:05:36.787Z] [debug]  DEBUG  [Statsig] Enqueued Event: {eventName: auto_capture::performance, value: https://www.viewstats.com/info, metadata: Object, user: Object, time: 1774587936786}
[2026-03-27T05:05:36.843Z] [warning] [Meta Pixel] - Duplicate Pixel ID: 1287287665941826.
[2026-03-27T05:05:37.033Z] [debug]  DEBUG  [Statsig] Enqueued Event: {eventName: auto_capture::error, value: Uncaught Error: Minified React error #418; visit h… for full errors and additional helpful warnings., metadata: Object, user: Object, time: 1774587936917}
[2026-03-27T05:05:37.033Z] [debug]  DEBUG  [Statsig] Enqueued Event: {eventName: auto_capture::error, value: Uncaught Error: Minified React error #422; visit h… for full errors and additional helpful warnings., metadata: Object, user: Object, time: 1774587936918}
[2026-03-27T05:05:37.034Z] [debug]  DEBUG  [Statsig] Enqueued Event: {eventName: statsig::diagnostics, user: Object, value: null, metadata: Object, time: 1774587936927}
[2026-03-27T05:05:37.246Z] [error] Failed to load resource: the server responded with a status of 401 ()
[2026-03-27T05:05:38.498Z] [error] Failed to load resource: the server responded with a status of 401 ()
[2026-03-27T05:05:40.679Z] [error] Failed to load resource: the server responded with a status of 401 ()
[2026-03-27T05:05:43.023Z] [debug]  DEBUG  [Statsig] Enqueued Event: {eventName: auto_capture::page_view_end, value: https://www.viewstats.com/info, metadata: Object, user: Object, time: 1774587943015}
[2026-03-27T05:05:45.680Z] [log] JQMIGRATE: Migrate is installed, version 3.4.1
[2026-03-27T05:05:47.225Z] [log] Full Page Test: 524555
[2026-03-27T05:05:47.225Z] [log] bt_experiment_w 524555 22013 visit null 1
[2026-03-27T05:05:47.225Z] [log] sent beacon true
[2026-03-27T05:05:54.907Z] [warning] Unrecognized feature: 'web-share'.
[2026-03-27T05:05:55.342Z] [log] [Paddle Retain] Root layout onMount
[2026-03-27T05:05:55.342Z] [log] [Paddle Retain] data.paddleToken: present
[2026-03-27T05:05:55.342Z] [log] [Paddle Retain] $page.data.paddleToken: present
[2026-03-27T05:05:55.342Z] [log] [Paddle Retain] Final paddleToken: present
[2026-03-27T05:05:55.342Z] [log] [Paddle Retain] Paddle object: loaded
[2026-03-27T05:05:55.342Z] [log] [Paddle Retain] Initializing Paddle...
[2026-03-27T05:05:55.342Z] [log] [Paddle Retain] Paddle initialized, Paddle.Initialized: true
[2026-03-27T05:05:55.344Z] [warning] DataFast: Tracking disabled - bot detected
[2026-03-27T05:05:57.556Z] [error] Loading media from  'https://static.feedspace.io/uploads/Resp9K/video-feed/feed_Resp9K_17570595572.mp4' violates the following Content Security Policy directive: "default-src 'self'". Note that 'media-src' was not explicitly set, so 'default-src' is used as a fallback. The action has been blocked.
[2026-03-27T05:05:57.556Z] [error] Loading media from  'https://static.feedspace.io/uploads/Resp9K/video-feed/feed_Resp9K_17570595572.mp4' violates the following Content Security Policy directive: "default-src 'self'". Note that 'media-src' was not explicitly set, so 'default-src' is used as a fallback. The action has been blocked.
[2026-03-27T05:06:04.097Z] [warning] The resource https://outlierkit.com/image-assets/testimonials/Ayush.jpg was preloaded using link preload but not used within a few seconds from the window's load event. Please make sure it has an appropriate `as` value and it is preloaded intentionally.
[2026-03-27T05:06:04.098Z] [warning] The resource https://outlierkit.com/image-assets/testimonials/Vikash.jpg was preloaded using link preload but not used within a few seconds from the window's load event. Please make sure it has an appropriate `as` value and it is preloaded intentionally.
[2026-03-27T05:06:04.098Z] [warning] The resource https://outlierkit.com/image-assets/testimonials/Swapnil.jpg was preloaded using link preload but not used within a few seconds from the window's load event. Please make sure it has an appropriate `as` value and it is preloaded intentionally.
[2026-03-27T05:06:04.098Z] [warning] The resource https://outlierkit.com/image-assets/testimonials/Vishal.jpg was preloaded using link preload but not used within a few seconds from the window's load event. Please make sure it has an appropriate `as` value and it is preloaded intentionally.
[2026-03-27T05:06:04.098Z] [warning] The resource https://outlierkit.com/image-assets/testimonials/Gautham.jpg was preloaded using link preload but not used within a few seconds from the window's load event. Please make sure it has an appropriate `as` value and it is preloaded intentionally.
[2026-03-27T05:06:07.162Z] [warning] The resource https://outlierkit.com/image-assets/testimonials/Ayush.jpg was preloaded using link preload but not used within a few seconds from the window's load event. Please make sure it has an appropriate `as` value and it is preloaded intentionally.
[2026-03-27T05:06:07.163Z] [warning] The resource https://outlierkit.com/image-assets/testimonials/Vikash.jpg was preloaded using link preload but not used within a few seconds from the window's load event. Please make sure it has an appropriate `as` value and it is preloaded intentionally.
[2026-03-27T05:06:07.163Z] [warning] The resource https://outlierkit.com/image-assets/testimonials/Swapnil.jpg was preloaded using link preload but not used within a few seconds from the window's load event. Please make sure it has an appropriate `as` value and it is preloaded intentionally.
[2026-03-27T05:06:07.163Z] [warning] The resource https://outlierkit.com/image-assets/testimonials/Vishal.jpg was preloaded using link preload but not used within a few seconds from the window's load event. Please make sure it has an appropriate `as` value and it is preloaded intentionally.
[2026-03-27T05:06:07.163Z] [warning] The resource https://outlierkit.com/image-assets/testimonials/Gautham.jpg was preloaded using link preload but not used within a few seconds from the window's load event. Please make sure it has an appropriate `as` value and it is preloaded intentionally.
[2026-03-27T05:06:38.969Z] [warning] The resource https://outlierkit.com/image-assets/testimonials/Ayush.jpg was preloaded using link preload but not used within a few seconds from the window's load event. Please make sure it has an appropriate `as` value and it is preloaded intentionally.
[2026-03-27T05:06:38.969Z] [warning] The resource https://outlierkit.com/image-assets/testimonials/Vikash.jpg was preloaded using link preload but not used within a few seconds from the window's load event. Please make sure it has an appropriate `as` value and it is preloaded intentionally.
[2026-03-27T05:06:38.969Z] [warning] The resource https://outlierkit.com/image-assets/testimonials/Swapnil.jpg was preloaded using link preload but not used within a few seconds from the window's load event. Please make sure it has an appropriate `as` value and it is preloaded intentionally.
[2026-03-27T05:06:38.969Z] [warning] The resource https://outlierkit.com/image-assets/testimonials/Vishal.jpg was preloaded using link preload but not used within a few seconds from the window's load event. Please make sure it has an appropriate `as` value and it is preloaded intentionally.
[2026-03-27T05:06:38.969Z] [warning] The resource https://outlierkit.com/image-assets/testimonials/Gautham.jpg was preloaded using link preload but not used within a few seconds from the window's load event. Please make sure it has an appropriate `as` value and it is preloaded intentionally.
[2026-03-27T05:06:59.573Z] [warning] The resource https://outlierkit.com/image-assets/testimonials/Ayush.jpg was preloaded using link preload but not used within a few seconds from the window's load event. Please make sure it has an appropriate `as` value and it is preloaded intentionally.
[2026-03-27T05:06:59.573Z] [warning] The resource https://outlierkit.com/image-assets/testimonials/Vikash.jpg was preloaded using link preload but not used within a few seconds from the window's load event. Please make sure it has an appropriate `as` value and it is preloaded intentionally.
[2026-03-27T05:06:59.573Z] [warning] The resource https://outlierkit.com/image-assets/testimonials/Swapnil.jpg was preloaded using link preload but not used within a few seconds from the window's load event. Please make sure it has an appropriate `as` value and it is preloaded intentionally.
[2026-03-27T05:06:59.573Z] [warning] The resource https://outlierkit.com/image-assets/testimonials/Vishal.jpg was preloaded using link preload but not used within a few seconds from the window's load event. Please make sure it has an appropriate `as` value and it is preloaded intentionally.
[2026-03-27T05:06:59.573Z] [warning] The resource https://outlierkit.com/image-assets/testimonials/Gautham.jpg was preloaded using link preload but not used within a few seconds from the window's load event. Please make sure it has an appropriate `as` value and it is preloaded intentionally.
[2026-03-27T05:07:13.569Z] [warning] The resource https://outlierkit.com/image-assets/testimonials/Ayush.jpg was preloaded using link preload but not used within a few seconds from the window's load event. Please make sure it has an appropriate `as` value and it is preloaded intentionally.
[2026-03-27T05:07:13.569Z] [warning] The resource https://outlierkit.com/image-assets/testimonials/Vikash.jpg was preloaded using link preload but not used within a few seconds from the window's load event. Please make sure it has an appropriate `as` value and it is preloaded intentionally.
[2026-03-27T05:07:13.569Z] [warning] The resource https://outlierkit.com/image-assets/testimonials/Swapnil.jpg was preloaded using link preload but not used within a few seconds from the window's load event. Please make sure it has an appropriate `as` value and it is preloaded intentionally.
[2026-03-27T05:07:13.569Z] [warning] The resource https://outlierkit.com/image-assets/testimonials/Vishal.jpg was preloaded using link preload but not used within a few seconds from the window's load event. Please make sure it has an appropriate `as` value and it is preloaded intentionally.
[2026-03-27T05:07:13.569Z] [warning] The resource https://outlierkit.com/image-assets/testimonials/Gautham.jpg was preloaded using link preload but not used within a few seconds from the window's load event. Please make sure it has an appropriate `as` value and it is preloaded intentionally.
[2026-03-27T05:07:19.324Z] [warning] The resource https://outlierkit.com/image-assets/testimonials/Ayush.jpg was preloaded using link preload but not used within a few seconds from the window's load event. Please make sure it has an appropriate `as` value and it is preloaded intentionally.
[2026-03-27T05:07:19.324Z] [warning] The resource https://outlierkit.com/image-assets/testimonials/Vikash.jpg was preloaded using link preload but not used within a few seconds from the window's load event. Please make sure it has an appropriate `as` value and it is preloaded intentionally.
[2026-03-27T05:07:19.324Z] [warning] The resource https://outlierkit.com/image-assets/testimonials/Swapnil.jpg was preloaded using link preload but not used within a few seconds from the window's load event. Please make sure it has an appropriate `as` value and it is preloaded intentionally.
[2026-03-27T05:07:19.324Z] [warning] The resource https://outlierkit.com/image-assets/testimonials/Vishal.jpg was preloaded using link preload but not used within a few seconds from the window's load event. Please make sure it has an appropriate `as` value and it is preloaded intentionally.
[2026-03-27T05:07:19.324Z] [warning] The resource https://outlierkit.com/image-assets/testimonials/Gautham.jpg was preloaded using link preload but not used within a few seconds from the window's load event. Please make sure it has an appropriate `as` value and it is preloaded intentionally.
[2026-03-27T05:07:48.895Z] [warning] The resource https://outlierkit.com/image-assets/testimonials/Ayush.jpg was preloaded using link preload but not used within a few seconds from the window's load event. Please make sure it has an appropriate `as` value and it is preloaded intentionally.
[2026-03-27T05:07:48.895Z] [warning] The resource https://outlierkit.com/image-assets/testimonials/Vikash.jpg was preloaded using link preload but not used within a few seconds from the window's load event. Please make sure it has an appropriate `as` value and it is preloaded intentionally.
[2026-03-27T05:07:48.895Z] [warning] The resource https://outlierkit.com/image-assets/testimonials/Swapnil.jpg was preloaded using link preload but not used within a few seconds from the window's load event. Please make sure it has an appropriate `as` value and it is preloaded intentionally.
[2026-03-27T05:07:48.895Z] [warning] The resource https://outlierkit.com/image-assets/testimonials/Vishal.jpg was preloaded using link preload but not used within a few seconds from the window's load event. Please make sure it has an appropriate `as` value and it is preloaded intentionally.
[2026-03-27T05:07:48.895Z] [warning] The resource https://outlierkit.com/image-assets/testimonials/Gautham.jpg was preloaded using link preload but not used within a few seconds from the window's load event. Please make sure it has an appropriate `as` value and it is preloaded intentionally.
[2026-03-27T05:07:57.606Z] [warning] The resource https://outlierkit.com/image-assets/testimonials/Ayush.jpg was preloaded using link preload but not used within a few seconds from the window's load event. Please make sure it has an appropriate `as` value and it is preloaded intentionally.
[2026-03-27T05:07:57.606Z] [warning] The resource https://outlierkit.com/image-assets/testimonials/Vikash.jpg was preloaded using link preload but not used within a few seconds from the window's load event. Please make sure it has an appropriate `as` value and it is preloaded intentionally.
[2026-03-27T05:07:57.606Z] [warning] The resource https://outlierkit.com/image-assets/testimonials/Swapnil.jpg was preloaded using link preload but not used within a few seconds from the window's load event. Please make sure it has an appropriate `as` value and it is preloaded intentionally.
[2026-03-27T05:07:57.606Z] [warning] The resource https://outlierkit.com/image-assets/testimonials/Vishal.jpg was preloaded using link preload but not used within a few seconds from the window's load event. Please make sure it has an appropriate `as` value and it is preloaded intentionally.
[2026-03-27T05:07:57.606Z] [warning] The resource https://outlierkit.com/image-assets/testimonials/Gautham.jpg was preloaded using link preload but not used within a few seconds from the window's load event. Please make sure it has an appropriate `as` value and it is preloaded intentionally.
[2026-03-27T05:08:24.545Z] [warning] The resource https://outlierkit.com/image-assets/testimonials/Ayush.jpg was preloaded using link preload but not used within a few seconds from the window's load event. Please make sure it has an appropriate `as` value and it is preloaded intentionally.
[2026-03-27T05:08:24.545Z] [warning] The resource https://outlierkit.com/image-assets/testimonials/Vikash.jpg was preloaded using link preload but not used within a few seconds from the window's load event. Please make sure it has an appropriate `as` value and it is preloaded intentionally.
[2026-03-27T05:08:24.545Z] [warning] The resource https://outlierkit.com/image-assets/testimonials/Swapnil.jpg was preloaded using link preload but not used within a few seconds from the window's load event. Please make sure it has an appropriate `as` value and it is preloaded intentionally.
[2026-03-27T05:08:24.545Z] [warning] The resource https://outlierkit.com/image-assets/testimonials/Vishal.jpg was preloaded using link preload but not used within a few seconds from the window's load event. Please make sure it has an appropriate `as` value and it is preloaded intentionally.
[2026-03-27T05:08:24.545Z] [warning] The resource https://outlierkit.com/image-assets/testimonials/Gautham.jpg was preloaded using link preload but not used within a few seconds from the window's load event. Please make sure it has an appropriate `as` value and it is preloaded intentionally.
[2026-03-27T05:08:35.624Z] [warning] The resource https://outlierkit.com/image-assets/testimonials/Ayush.jpg was preloaded using link preload but not used within a few seconds from the window's load event. Please make sure it has an appropriate `as` value and it is preloaded intentionally.
[2026-03-27T05:08:35.624Z] [warning] The resource https://outlierkit.com/image-assets/testimonials/Vikash.jpg was preloaded using link preload but not used within a few seconds from the window's load event. Please make sure it has an appropriate `as` value and it is preloaded intentionally.
[2026-03-27T05:08:35.624Z] [warning] The resource https://outlierkit.com/image-assets/testimonials/Swapnil.jpg was preloaded using link preload but not used within a few seconds from the window's load event. Please make sure it has an appropriate `as` value and it is preloaded intentionally.
[2026-03-27T05:08:35.624Z] [warning] The resource https://outlierkit.com/image-assets/testimonials/Vishal.jpg was preloaded using link preload but not used within a few seconds from the window's load event. Please make sure it has an appropriate `as` value and it is preloaded intentionally.
[2026-03-27T05:08:35.624Z] [warning] The resource https://outlierkit.com/image-assets/testimonials/Gautham.jpg was preloaded using link preload but not used within a few seconds from the window's load event. Please make sure it has an appropriate `as` value and it is preloaded intentionally.
[2026-03-27T05:08:59.984Z] [warning] The resource https://outlierkit.com/image-assets/testimonials/Ayush.jpg was preloaded using link preload but not used within a few seconds from the window's load event. Please make sure it has an appropriate `as` value and it is preloaded intentionally.
[2026-03-27T05:08:59.984Z] [warning] The resource https://outlierkit.com/image-assets/testimonials/Vikash.jpg was preloaded using link preload but not used within a few seconds from the window's load event. Please make sure it has an appropriate `as` value and it is preloaded intentionally.
[2026-03-27T05:08:59.984Z] [warning] The resource https://outlierkit.com/image-assets/testimonials/Swapnil.jpg was preloaded using link preload but not used within a few seconds from the window's load event. Please make sure it has an appropriate `as` value and it is preloaded intentionally.
[2026-03-27T05:08:59.984Z] [warning] The resource https://outlierkit.com/image-assets/testimonials/Vishal.jpg was preloaded using link preload but not used within a few seconds from the window's load event. Please make sure it has an appropriate `as` value and it is preloaded intentionally.
[2026-03-27T05:08:59.984Z] [warning] The resource https://outlierkit.com/image-assets/testimonials/Gautham.jpg was preloaded using link preload but not used within a few seconds from the window's load event. Please make sure it has an appropriate `as` value and it is preloaded intentionally.
[2026-03-27T05:09:14.723Z] [warning] The resource https://outlierkit.com/image-assets/testimonials/Ayush.jpg was preloaded using link preload but not used within a few seconds from the window's load event. Please make sure it has an appropriate `as` value and it is preloaded intentionally.
[2026-03-27T05:09:14.724Z] [warning] The resource https://outlierkit.com/image-assets/testimonials/Vikash.jpg was preloaded using link preload but not used within a few seconds from the window's load event. Please make sure it has an appropriate `as` value and it is preloaded intentionally.
[2026-03-27T05:09:14.724Z] [warning] The resource https://outlierkit.com/image-assets/testimonials/Swapnil.jpg was preloaded using link preload but not used within a few seconds from the window's load event. Please make sure it has an appropriate `as` value and it is preloaded intentionally.
[2026-03-27T05:09:14.724Z] [warning] The resource https://outlierkit.com/image-assets/testimonials/Vishal.jpg was preloaded using link preload but not used within a few seconds from the window's load event. Please make sure it has an appropriate `as` value and it is preloaded intentionally.
[2026-03-27T05:09:14.724Z] [warning] The resource https://outlierkit.com/image-assets/testimonials/Gautham.jpg was preloaded using link preload but not used within a few seconds from the window's load event. Please make sure it has an appropriate `as` value and it is preloaded intentionally.
[2026-03-27T05:09:35.319Z] [warning] The resource https://outlierkit.com/image-assets/testimonials/Ayush.jpg was preloaded using link preload but not used within a few seconds from the window's load event. Please make sure it has an appropriate `as` value and it is preloaded intentionally.
[2026-03-27T05:09:35.319Z] [warning] The resource https://outlierkit.com/image-assets/testimonials/Vikash.jpg was preloaded using link preload but not used within a few seconds from the window's load event. Please make sure it has an appropriate `as` value and it is preloaded intentionally.
[2026-03-27T05:09:35.319Z] [warning] The resource https://outlierkit.com/image-assets/testimonials/Swapnil.jpg was preloaded using link preload but not used within a few seconds from the window's load event. Please make sure it has an appropriate `as` value and it is preloaded intentionally.
[2026-03-27T05:09:35.319Z] [warning] The resource https://outlierkit.com/image-assets/testimonials/Vishal.jpg was preloaded using link preload but not used within a few seconds from the window's load event. Please make sure it has an appropriate `as` value and it is preloaded intentionally.
[2026-03-27T05:09:35.319Z] [warning] The resource https://outlierkit.com/image-assets/testimonials/Gautham.jpg was preloaded using link preload but not used within a few seconds from the window's load event. Please make sure it has an appropriate `as` value and it is preloaded intentionally.
[2026-03-27T05:09:49.435Z] [warning] The resource https://outlierkit.com/image-assets/testimonials/Ayush.jpg was preloaded using link preload but not used within a few seconds from the window's load event. Please make sure it has an appropriate `as` value and it is preloaded intentionally.
[2026-03-27T05:09:49.435Z] [warning] The resource https://outlierkit.com/image-assets/testimonials/Vikash.jpg was preloaded using link preload but not used within a few seconds from the window's load event. Please make sure it has an appropriate `as` value and it is preloaded intentionally.
[2026-03-27T05:09:49.435Z] [warning] The resource https://outlierkit.com/image-assets/testimonials/Swapnil.jpg was preloaded using link preload but not used within a few seconds from the window's load event. Please make sure it has an appropriate `as` value and it is preloaded intentionally.
[2026-03-27T05:09:49.435Z] [warning] The resource https://outlierkit.com/image-assets/testimonials/Vishal.jpg was preloaded using link preload but not used within a few seconds from the window's load event. Please make sure it has an appropriate `as` value and it is preloaded intentionally.
[2026-03-27T05:09:49.435Z] [warning] The resource https://outlierkit.com/image-assets/testimonials/Gautham.jpg was preloaded using link preload but not used within a few seconds from the window's load event. Please make sure it has an appropriate `as` value and it is preloaded intentionally.
[2026-03-27T05:10:10.994Z] [warning] The resource https://outlierkit.com/image-assets/testimonials/Ayush.jpg was preloaded using link preload but not used within a few seconds from the window's load event. Please make sure it has an appropriate `as` value and it is preloaded intentionally.
[2026-03-27T05:10:10.994Z] [warning] The resource https://outlierkit.com/image-assets/testimonials/Vikash.jpg was preloaded using link preload but not used within a few seconds from the window's load event. Please make sure it has an appropriate `as` value and it is preloaded intentionally.
[2026-03-27T05:10:10.994Z] [warning] The resource https://outlierkit.com/image-assets/testimonials/Swapnil.jpg was preloaded using link preload but not used within a few seconds from the window's load event. Please make sure it has an appropriate `as` value and it is preloaded intentionally.
[2026-03-27T05:10:10.994Z] [warning] The resource https://outlierkit.com/image-assets/testimonials/Vishal.jpg was preloaded using link preload but not used within a few seconds from the window's load event. Please make sure it has an appropriate `as` value and it is preloaded intentionally.
[2026-03-27T05:10:10.994Z] [warning] The resource https://outlierkit.com/image-assets/testimonials/Gautham.jpg was preloaded using link preload but not used within a few seconds from the window's load event. Please make sure it has an appropriate `as` value and it is preloaded intentionally.
[2026-03-27T05:10:27.080Z] [warning] The resource https://outlierkit.com/image-assets/testimonials/Ayush.jpg was preloaded using link preload but not used within a few seconds from the window's load event. Please make sure it has an appropriate `as` value and it is preloaded intentionally.
[2026-03-27T05:10:27.080Z] [warning] The resource https://outlierkit.com/image-assets/testimonials/Vikash.jpg was preloaded using link preload but not used within a few seconds from the window's load event. Please make sure it has an appropriate `as` value and it is preloaded intentionally.
[2026-03-27T05:10:27.080Z] [warning] The resource https://outlierkit.com/image-assets/testimonials/Swapnil.jpg was preloaded using link preload but not used within a few seconds from the window's load event. Please make sure it has an appropriate `as` value and it is preloaded intentionally.
[2026-03-27T05:10:27.080Z] [warning] The resource https://outlierkit.com/image-assets/testimonials/Vishal.jpg was preloaded using link preload but not used within a few seconds from the window's load event. Please make sure it has an appropriate `as` value and it is preloaded intentionally.
[2026-03-27T05:10:27.080Z] [warning] The resource https://outlierkit.com/image-assets/testimonials/Gautham.jpg was preloaded using link preload but not used within a few seconds from the window's load event. Please make sure it has an appropriate `as` value and it is preloaded intentionally.
[2026-03-27T05:10:46.526Z] [warning] The resource https://outlierkit.com/image-assets/testimonials/Ayush.jpg was preloaded using link preload but not used within a few seconds from the window's load event. Please make sure it has an appropriate `as` value and it is preloaded intentionally.
[2026-03-27T05:10:46.526Z] [warning] The resource https://outlierkit.com/image-assets/testimonials/Vikash.jpg was preloaded using link preload but not used within a few seconds from the window's load event. Please make sure it has an appropriate `as` value and it is preloaded intentionally.
[2026-03-27T05:10:46.526Z] [warning] The resource https://outlierkit.com/image-assets/testimonials/Swapnil.jpg was preloaded using link preload but not used within a few seconds from the window's load event. Please make sure it has an appropriate `as` value and it is preloaded intentionally.
[2026-03-27T05:10:46.526Z] [warning] The resource https://outlierkit.com/image-assets/testimonials/Vishal.jpg was preloaded using link preload but not used within a few seconds from the window's load event. Please make sure it has an appropriate `as` value and it is preloaded intentionally.
[2026-03-27T05:10:46.526Z] [warning] The resource https://outlierkit.com/image-assets/testimonials/Gautham.jpg was preloaded using link preload but not used within a few seconds from the window's load event. Please make sure it has an appropriate `as` value and it is preloaded intentionally.
[2026-03-27T05:10:59.529Z] [warning] The resource https://outlierkit.com/image-assets/testimonials/Ayush.jpg was preloaded using link preload but not used within a few seconds from the window's load event. Please make sure it has an appropriate `as` value and it is preloaded intentionally.
[2026-03-27T05:10:59.529Z] [warning] The resource https://outlierkit.com/image-assets/testimonials/Vikash.jpg was preloaded using link preload but not used within a few seconds from the window's load event. Please make sure it has an appropriate `as` value and it is preloaded intentionally.
[2026-03-27T05:10:59.529Z] [warning] The resource https://outlierkit.com/image-assets/testimonials/Swapnil.jpg was preloaded using link preload but not used within a few seconds from the window's load event. Please make sure it has an appropriate `as` value and it is preloaded intentionally.
[2026-03-27T05:10:59.529Z] [warning] The resource https://outlierkit.com/image-assets/testimonials/Vishal.jpg was preloaded using link preload but not used within a few seconds from the window's load event. Please make sure it has an appropriate `as` value and it is preloaded intentionally.
[2026-03-27T05:10:59.529Z] [warning] The resource https://outlierkit.com/image-assets/testimonials/Gautham.jpg was preloaded using link preload but not used within a few seconds from the window's load event. Please make sure it has an appropriate `as` value and it is preloaded intentionally.
[2026-03-27T05:11:05.294Z] [warning] The resource https://outlierkit.com/image-assets/testimonials/Ayush.jpg was preloaded using link preload but not used within a few seconds from the window's load event. Please make sure it has an appropriate `as` value and it is preloaded intentionally.
[2026-03-27T05:11:05.294Z] [warning] The resource https://outlierkit.com/image-assets/testimonials/Vikash.jpg was preloaded using link preload but not used within a few seconds from the window's load event. Please make sure it has an appropriate `as` value and it is preloaded intentionally.
[2026-03-27T05:11:05.294Z] [warning] The resource https://outlierkit.com/image-assets/testimonials/Swapnil.jpg was preloaded using link preload but not used within a few seconds from the window's load event. Please make sure it has an appropriate `as` value and it is preloaded intentionally.
[2026-03-27T05:11:05.294Z] [warning] The resource https://outlierkit.com/image-assets/testimonials/Vishal.jpg was preloaded using link preload but not used within a few seconds from the window's load event. Please make sure it has an appropriate `as` value and it is preloaded intentionally.
[2026-03-27T05:11:05.294Z] [warning] The resource https://outlierkit.com/image-assets/testimonials/Gautham.jpg was preloaded using link preload but not used within a few seconds from the window's load event. Please make sure it has an appropriate `as` value and it is preloaded intentionally.
[2026-03-27T05:11:41.995Z] [warning] The resource https://outlierkit.com/image-assets/testimonials/Ayush.jpg was preloaded using link preload but not used within a few seconds from the window's load event. Please make sure it has an appropriate `as` value and it is preloaded intentionally.
[2026-03-27T05:11:41.995Z] [warning] The resource https://outlierkit.com/image-assets/testimonials/Vikash.jpg was preloaded using link preload but not used within a few seconds from the window's load event. Please make sure it has an appropriate `as` value and it is preloaded intentionally.
[2026-03-27T05:11:41.995Z] [warning] The resource https://outlierkit.com/image-assets/testimonials/Swapnil.jpg was preloaded using link preload but not used within a few seconds from the window's load event. Please make sure it has an appropriate `as` value and it is preloaded intentionally.
[2026-03-27T05:11:41.995Z] [warning] The resource https://outlierkit.com/image-assets/testimonials/Vishal.jpg was preloaded using link preload but not used within a few seconds from the window's load event. Please make sure it has an appropriate `as` value and it is preloaded intentionally.
[2026-03-27T05:11:41.995Z] [warning] The resource https://outlierkit.com/image-assets/testimonials/Gautham.jpg was preloaded using link preload but not used within a few seconds from the window's load event. Please make sure it has an appropriate `as` value and it is preloaded intentionally.
[2026-03-27T05:12:18.900Z] [warning] The resource https://outlierkit.com/image-assets/testimonials/Ayush.jpg was preloaded using link preload but not used within a few seconds from the window's load event. Please make sure it has an appropriate `as` value and it is preloaded intentionally.
[2026-03-27T05:12:18.900Z] [warning] The resource https://outlierkit.com/image-assets/testimonials/Vikash.jpg was preloaded using link preload but not used within a few seconds from the window's load event. Please make sure it has an appropriate `as` value and it is preloaded intentionally.
[2026-03-27T05:12:18.901Z] [warning] The resource https://outlierkit.com/image-assets/testimonials/Swapnil.jpg was preloaded using link preload but not used within a few seconds from the window's load event. Please make sure it has an appropriate `as` value and it is preloaded intentionally.
[2026-03-27T05:12:18.901Z] [warning] The resource https://outlierkit.com/image-assets/testimonials/Vishal.jpg was preloaded using link preload but not used within a few seconds from the window's load event. Please make sure it has an appropriate `as` value and it is preloaded intentionally.
[2026-03-27T05:12:18.901Z] [warning] The resource https://outlierkit.com/image-assets/testimonials/Gautham.jpg was preloaded using link preload but not used within a few seconds from the window's load event. Please make sure it has an appropriate `as` value and it is preloaded intentionally.
[2026-03-27T05:12:55.603Z] [warning] The resource https://outlierkit.com/image-assets/testimonials/Ayush.jpg was preloaded using link preload but not used within a few seconds from the window's load event. Please make sure it has an appropriate `as` value and it is preloaded intentionally.
[2026-03-27T05:12:55.603Z] [warning] The resource https://outlierkit.com/image-assets/testimonials/Vikash.jpg was preloaded using link preload but not used within a few seconds from the window's load event. Please make sure it has an appropriate `as` value and it is preloaded intentionally.
[2026-03-27T05:12:55.603Z] [warning] The resource https://outlierkit.com/image-assets/testimonials/Swapnil.jpg was preloaded using link preload but not used within a few seconds from the window's load event. Please make sure it has an appropriate `as` value and it is preloaded intentionally.
[2026-03-27T05:12:55.603Z] [warning] The resource https://outlierkit.com/image-assets/testimonials/Vishal.jpg was preloaded using link preload but not used within a few seconds from the window's load event. Please make sure it has an appropriate `as` value and it is preloaded intentionally.
[2026-03-27T05:12:55.603Z] [warning] The resource https://outlierkit.com/image-assets/testimonials/Gautham.jpg was preloaded using link preload but not used within a few seconds from the window's load event. Please make sure it has an appropriate `as` value and it is preloaded intentionally.
[2026-03-27T05:13:32.300Z] [warning] The resource https://outlierkit.com/image-assets/testimonials/Ayush.jpg was preloaded using link preload but not used within a few seconds from the window's load event. Please make sure it has an appropriate `as` value and it is preloaded intentionally.
[2026-03-27T05:13:32.301Z] [warning] The resource https://outlierkit.com/image-assets/testimonials/Vikash.jpg was preloaded using link preload but not used within a few seconds from the window's load event. Please make sure it has an appropriate `as` value and it is preloaded intentionally.
[2026-03-27T05:13:32.301Z] [warning] The resource https://outlierkit.com/image-assets/testimonials/Swapnil.jpg was preloaded using link preload but not used within a few seconds from the window's load event. Please make sure it has an appropriate `as` value and it is preloaded intentionally.
[2026-03-27T05:13:32.301Z] [warning] The resource https://outlierkit.com/image-assets/testimonials/Vishal.jpg was preloaded using link preload but not used within a few seconds from the window's load event. Please make sure it has an appropriate `as` value and it is preloaded intentionally.
[2026-03-27T05:13:32.301Z] [warning] The resource https://outlierkit.com/image-assets/testimonials/Gautham.jpg was preloaded using link preload but not used within a few seconds from the window's load event. Please make sure it has an appropriate `as` value and it is preloaded intentionally.
[2026-03-27T05:14:09.018Z] [warning] The resource https://outlierkit.com/image-assets/testimonials/Ayush.jpg was preloaded using link preload but not used within a few seconds from the window's load event. Please make sure it has an appropriate `as` value and it is preloaded intentionally.
[2026-03-27T05:14:09.018Z] [warning] The resource https://outlierkit.com/image-assets/testimonials/Vikash.jpg was preloaded using link preload but not used within a few seconds from the window's load event. Please make sure it has an appropriate `as` value and it is preloaded intentionally.
[2026-03-27T05:14:09.018Z] [warning] The resource https://outlierkit.com/image-assets/testimonials/Swapnil.jpg was preloaded using link preload but not used within a few seconds from the window's load event. Please make sure it has an appropriate `as` value and it is preloaded intentionally.
[2026-03-27T05:14:09.018Z] [warning] The resource https://outlierkit.com/image-assets/testimonials/Vishal.jpg was preloaded using link preload but not used within a few seconds from the window's load event. Please make sure it has an appropriate `as` value and it is preloaded intentionally.
[2026-03-27T05:14:09.018Z] [warning] The resource https://outlierkit.com/image-assets/testimonials/Gautham.jpg was preloaded using link preload but not used within a few seconds from the window's load event. Please make sure it has an appropriate `as` value and it is preloaded intentionally.
[2026-03-27T05:14:45.717Z] [warning] The resource https://outlierkit.com/image-assets/testimonials/Ayush.jpg was preloaded using link preload but not used within a few seconds from the window's load event. Please make sure it has an appropriate `as` value and it is preloaded intentionally.
[2026-03-27T05:14:45.717Z] [warning] The resource https://outlierkit.com/image-assets/testimonials/Vikash.jpg was preloaded using link preload but not used within a few seconds from the window's load event. Please make sure it has an appropriate `as` value and it is preloaded intentionally.
[2026-03-27T05:14:45.717Z] [warning] The resource https://outlierkit.com/image-assets/testimonials/Swapnil.jpg was preloaded using link preload but not used within a few seconds from the window's load event. Please make sure it has an appropriate `as` value and it is preloaded intentionally.
[2026-03-27T05:14:45.717Z] [warning] The resource https://outlierkit.com/image-assets/testimonials/Vishal.jpg was preloaded using link preload but not used within a few seconds from the window's load event. Please make sure it has an appropriate `as` value and it is preloaded intentionally.
[2026-03-27T05:14:45.717Z] [warning] The resource https://outlierkit.com/image-assets/testimonials/Gautham.jpg was preloaded using link preload but not used within a few seconds from the window's load event. Please make sure it has an appropriate `as` value and it is preloaded intentionally.
[2026-03-27T05:15:22.418Z] [warning] The resource https://outlierkit.com/image-assets/testimonials/Ayush.jpg was preloaded using link preload but not used within a few seconds from the window's load event. Please make sure it has an appropriate `as` value and it is preloaded intentionally.
[2026-03-27T05:15:22.418Z] [warning] The resource https://outlierkit.com/image-assets/testimonials/Vikash.jpg was preloaded using link preload but not used within a few seconds from the window's load event. Please make sure it has an appropriate `as` value and it is preloaded intentionally.
[2026-03-27T05:15:22.418Z] [warning] The resource https://outlierkit.com/image-assets/testimonials/Swapnil.jpg was preloaded using link preload but not used within a few seconds from the window's load event. Please make sure it has an appropriate `as` value and it is preloaded intentionally.
[2026-03-27T05:15:22.418Z] [warning] The resource https://outlierkit.com/image-assets/testimonials/Vishal.jpg was preloaded using link preload but not used within a few seconds from the window's load event. Please make sure it has an appropriate `as` value and it is preloaded intentionally.
[2026-03-27T05:15:22.418Z] [warning] The resource https://outlierkit.com/image-assets/testimonials/Gautham.jpg was preloaded using link preload but not used within a few seconds from the window's load event. Please make sure it has an appropriate `as` value and it is preloaded intentionally.
[2026-03-27T05:15:59.109Z] [warning] The resource https://outlierkit.com/image-assets/testimonials/Ayush.jpg was preloaded using link preload but not used within a few seconds from the window's load event. Please make sure it has an appropriate `as` value and it is preloaded intentionally.
[2026-03-27T05:15:59.110Z] [warning] The resource https://outlierkit.com/image-assets/testimonials/Vikash.jpg was preloaded using link preload but not used within a few seconds from the window's load event. Please make sure it has an appropriate `as` value and it is preloaded intentionally.
[2026-03-27T05:15:59.110Z] [warning] The resource https://outlierkit.com/image-assets/testimonials/Swapnil.jpg was preloaded using link preload but not used within a few seconds from the window's load event. Please make sure it has an appropriate `as` value and it is preloaded intentionally.
[2026-03-27T05:15:59.110Z] [warning] The resource https://outlierkit.com/image-assets/testimonials/Vishal.jpg was preloaded using link preload but not used within a few seconds from the window's load event. Please make sure it has an appropriate `as` value and it is preloaded intentionally.
[2026-03-27T05:15:59.110Z] [warning] The resource https://outlierkit.com/image-assets/testimonials/Gautham.jpg was preloaded using link preload but not used within a few seconds from the window's load event. Please make sure it has an appropriate `as` value and it is preloaded intentionally.
[2026-03-27T05:16:31.334Z] [warning] The resource https://outlierkit.com/image-assets/testimonials/Ayush.jpg was preloaded using link preload but not used within a few seconds from the window's load event. Please make sure it has an appropriate `as` value and it is preloaded intentionally.
[2026-03-27T05:16:31.334Z] [warning] The resource https://outlierkit.com/image-assets/testimonials/Vikash.jpg was preloaded using link preload but not used within a few seconds from the window's load event. Please make sure it has an appropriate `as` value and it is preloaded intentionally.
[2026-03-27T05:16:31.334Z] [warning] The resource https://outlierkit.com/image-assets/testimonials/Swapnil.jpg was preloaded using link preload but not used within a few seconds from the window's load event. Please make sure it has an appropriate `as` value and it is preloaded intentionally.
[2026-03-27T05:16:31.334Z] [warning] The resource https://outlierkit.com/image-assets/testimonials/Vishal.jpg was preloaded using link preload but not used within a few seconds from the window's load event. Please make sure it has an appropriate `as` value and it is preloaded intentionally.
[2026-03-27T05:16:31.334Z] [warning] The resource https://outlierkit.com/image-assets/testimonials/Gautham.jpg was preloaded using link preload but not used within a few seconds from the window's load event. Please make sure it has an appropriate `as` value and it is preloaded intentionally.
[2026-03-27T05:17:06.122Z] [warning] The resource https://outlierkit.com/image-assets/testimonials/Ayush.jpg was preloaded using link preload but not used within a few seconds from the window's load event. Please make sure it has an appropriate `as` value and it is preloaded intentionally.
[2026-03-27T05:17:06.122Z] [warning] The resource https://outlierkit.com/image-assets/testimonials/Vikash.jpg was preloaded using link preload but not used within a few seconds from the window's load event. Please make sure it has an appropriate `as` value and it is preloaded intentionally.
[2026-03-27T05:17:06.122Z] [warning] The resource https://outlierkit.com/image-assets/testimonials/Swapnil.jpg was preloaded using link preload but not used within a few seconds from the window's load event. Please make sure it has an appropriate `as` value and it is preloaded intentionally.
[2026-03-27T05:17:06.122Z] [warning] The resource https://outlierkit.com/image-assets/testimonials/Vishal.jpg was preloaded using link preload but not used within a few seconds from the window's load event. Please make sure it has an appropriate `as` value and it is preloaded intentionally.
[2026-03-27T05:17:06.122Z] [warning] The resource https://outlierkit.com/image-assets/testimonials/Gautham.jpg was preloaded using link preload but not used within a few seconds from the window's load event. Please make sure it has an appropriate `as` value and it is preloaded intentionally.
[2026-03-27T05:17:49.352Z] [warning] The resource https://outlierkit.com/image-assets/testimonials/Ayush.jpg was preloaded using link preload but not used within a few seconds from the window's load event. Please make sure it has an appropriate `as` value and it is preloaded intentionally.
[2026-03-27T05:17:49.352Z] [warning] The resource https://outlierkit.com/image-assets/testimonials/Vikash.jpg was preloaded using link preload but not used within a few seconds from the window's load event. Please make sure it has an appropriate `as` value and it is preloaded intentionally.
[2026-03-27T05:17:49.352Z] [warning] The resource https://outlierkit.com/image-assets/testimonials/Swapnil.jpg was preloaded using link preload but not used within a few seconds from the window's load event. Please make sure it has an appropriate `as` value and it is preloaded intentionally.
[2026-03-27T05:17:49.352Z] [warning] The resource https://outlierkit.com/image-assets/testimonials/Vishal.jpg was preloaded using link preload but not used within a few seconds from the window's load event. Please make sure it has an appropriate `as` value and it is preloaded intentionally.
[2026-03-27T05:17:49.352Z] [warning] The resource https://outlierkit.com/image-assets/testimonials/Gautham.jpg was preloaded using link preload but not used within a few seconds from the window's load event. Please make sure it has an appropriate `as` value and it is preloaded intentionally.
[2026-03-27T05:18:50.609Z] [warning] The resource https://outlierkit.com/image-assets/testimonials/Ayush.jpg was preloaded using link preload but not used within a few seconds from the window's load event. Please make sure it has an appropriate `as` value and it is preloaded intentionally.
[2026-03-27T05:18:50.609Z] [warning] The resource https://outlierkit.com/image-assets/testimonials/Vikash.jpg was preloaded using link preload but not used within a few seconds from the window's load event. Please make sure it has an appropriate `as` value and it is preloaded intentionally.
[2026-03-27T05:18:50.609Z] [warning] The resource https://outlierkit.com/image-assets/testimonials/Swapnil.jpg was preloaded using link preload but not used within a few seconds from the window's load event. Please make sure it has an appropriate `as` value and it is preloaded intentionally.
[2026-03-27T05:18:50.610Z] [warning] The resource https://outlierkit.com/image-assets/testimonials/Vishal.jpg was preloaded using link preload but not used within a few seconds from the window's load event. Please make sure it has an appropriate `as` value and it is preloaded intentionally.
[2026-03-27T05:18:50.610Z] [warning] The resource https://outlierkit.com/image-assets/testimonials/Gautham.jpg was preloaded using link preload but not used within a few seconds from the window's load event. Please make sure it has an appropriate `as` value and it is preloaded intentionally.
[2026-03-27T05:19:50.475Z] [warning] The resource https://outlierkit.com/image-assets/testimonials/Ayush.jpg was preloaded using link preload but not used within a few seconds from the window's load event. Please make sure it has an appropriate `as` value and it is preloaded intentionally.
[2026-03-27T05:19:50.475Z] [warning] The resource https://outlierkit.com/image-assets/testimonials/Vikash.jpg was preloaded using link preload but not used within a few seconds from the window's load event. Please make sure it has an appropriate `as` value and it is preloaded intentionally.
[2026-03-27T05:19:50.475Z] [warning] The resource https://outlierkit.com/image-assets/testimonials/Swapnil.jpg was preloaded using link preload but not used within a few seconds from the window's load event. Please make sure it has an appropriate `as` value and it is preloaded intentionally.
[2026-03-27T05:19:50.475Z] [warning] The resource https://outlierkit.com/image-assets/testimonials/Vishal.jpg was preloaded using link preload but not used within a few seconds from the window's load event. Please make sure it has an appropriate `as` value and it is preloaded intentionally.
[2026-03-27T05:19:50.475Z] [warning] The resource https://outlierkit.com/image-assets/testimonials/Gautham.jpg was preloaded using link preload but not used within a few seconds from the window's load event. Please make sure it has an appropriate `as` value and it is preloaded intentionally.
[2026-03-27T05:20:50.546Z] [warning] The resource https://outlierkit.com/image-assets/testimonials/Ayush.jpg was preloaded using link preload but not used within a few seconds from the window's load event. Please make sure it has an appropriate `as` value and it is preloaded intentionally.
[2026-03-27T05:20:50.546Z] [warning] The resource https://outlierkit.com/image-assets/testimonials/Vikash.jpg was preloaded using link preload but not used within a few seconds from the window's load event. Please make sure it has an appropriate `as` value and it is preloaded intentionally.
[2026-03-27T05:20:50.546Z] [warning] The resource https://outlierkit.com/image-assets/testimonials/Swapnil.jpg was preloaded using link preload but not used within a few seconds from the window's load event. Please make sure it has an appropriate `as` value and it is preloaded intentionally.
[2026-03-27T05:20:50.546Z] [warning] The resource https://outlierkit.com/image-assets/testimonials/Vishal.jpg was preloaded using link preload but not used within a few seconds from the window's load event. Please make sure it has an appropriate `as` value and it is preloaded intentionally.
[2026-03-27T05:20:50.546Z] [warning] The resource https://outlierkit.com/image-assets/testimonials/Gautham.jpg was preloaded using link preload but not used within a few seconds from the window's load event. Please make sure it has an appropriate `as` value and it is preloaded intentionally.
[2026-03-27T05:20:59.080Z] [warning] The resource https://outlierkit.com/image-assets/testimonials/Ayush.jpg was preloaded using link preload but not used within a few seconds from the window's load event. Please make sure it has an appropriate `as` value and it is preloaded intentionally.
[2026-03-27T05:20:59.080Z] [warning] The resource https://outlierkit.com/image-assets/testimonials/Vikash.jpg was preloaded using link preload but not used within a few seconds from the window's load event. Please make sure it has an appropriate `as` value and it is preloaded intentionally.
[2026-03-27T05:20:59.080Z] [warning] The resource https://outlierkit.com/image-assets/testimonials/Swapnil.jpg was preloaded using link preload but not used within a few seconds from the window's load event. Please make sure it has an appropriate `as` value and it is preloaded intentionally.
[2026-03-27T05:20:59.080Z] [warning] The resource https://outlierkit.com/image-assets/testimonials/Vishal.jpg was preloaded using link preload but not used within a few seconds from the window's load event. Please make sure it has an appropriate `as` value and it is preloaded intentionally.
[2026-03-27T05:20:59.080Z] [warning] The resource https://outlierkit.com/image-assets/testimonials/Gautham.jpg was preloaded using link preload but not used within a few seconds from the window's load event. Please make sure it has an appropriate `as` value and it is preloaded intentionally.
[2026-03-27T05:21:50.601Z] [warning] The resource https://outlierkit.com/image-assets/testimonials/Ayush.jpg was preloaded using link preload but not used within a few seconds from the window's load event. Please make sure it has an appropriate `as` value and it is preloaded intentionally.
[2026-03-27T05:21:50.601Z] [warning] The resource https://outlierkit.com/image-assets/testimonials/Vikash.jpg was preloaded using link preload but not used within a few seconds from the window's load event. Please make sure it has an appropriate `as` value and it is preloaded intentionally.
[2026-03-27T05:21:50.601Z] [warning] The resource https://outlierkit.com/image-assets/testimonials/Swapnil.jpg was preloaded using link preload but not used within a few seconds from the window's load event. Please make sure it has an appropriate `as` value and it is preloaded intentionally.
[2026-03-27T05:21:50.601Z] [warning] The resource https://outlierkit.com/image-assets/testimonials/Vishal.jpg was preloaded using link preload but not used within a few seconds from the window's load event. Please make sure it has an appropriate `as` value and it is preloaded intentionally.
[2026-03-27T05:21:50.601Z] [warning] The resource https://outlierkit.com/image-assets/testimonials/Gautham.jpg was preloaded using link preload but not used within a few seconds from the window's load event. Please make sure it has an appropriate `as` value and it is preloaded intentionally.
[2026-03-27T05:22:20.502Z] [warning] The resource https://outlierkit.com/image-assets/testimonials/Ayush.jpg was preloaded using link preload but not used within a few seconds from the window's load event. Please make sure it has an appropriate `as` value and it is preloaded intentionally.
[2026-03-27T05:22:20.502Z] [warning] The resource https://outlierkit.com/image-assets/testimonials/Vikash.jpg was preloaded using link preload but not used within a few seconds from the window's load event. Please make sure it has an appropriate `as` value and it is preloaded intentionally.
[2026-03-27T05:22:20.502Z] [warning] The resource https://outlierkit.com/image-assets/testimonials/Swapnil.jpg was preloaded using link preload but not used within a few seconds from the window's load event. Please make sure it has an appropriate `as` value and it is preloaded intentionally.
[2026-03-27T05:22:20.502Z] [warning] The resource https://outlierkit.com/image-assets/testimonials/Vishal.jpg was preloaded using link preload but not used within a few seconds from the window's load event. Please make sure it has an appropriate `as` value and it is preloaded intentionally.
[2026-03-27T05:22:20.502Z] [warning] The resource https://outlierkit.com/image-assets/testimonials/Gautham.jpg was preloaded using link preload but not used within a few seconds from the window's load event. Please make sure it has an appropriate `as` value and it is preloaded intentionally.
[2026-03-27T05:25:59.741Z] [warning] The resource https://outlierkit.com/image-assets/testimonials/Ayush.jpg was preloaded using link preload but not used within a few seconds from the window's load event. Please make sure it has an appropriate `as` value and it is preloaded intentionally.
[2026-03-27T05:25:59.741Z] [warning] The resource https://outlierkit.com/image-assets/testimonials/Vikash.jpg was preloaded using link preload but not used within a few seconds from the window's load event. Please make sure it has an appropriate `as` value and it is preloaded intentionally.
[2026-03-27T05:25:59.741Z] [warning] The resource https://outlierkit.com/image-assets/testimonials/Swapnil.jpg was preloaded using link preload but not used within a few seconds from the window's load event. Please make sure it has an appropriate `as` value and it is preloaded intentionally.
[2026-03-27T05:25:59.741Z] [warning] The resource https://outlierkit.com/image-assets/testimonials/Vishal.jpg was preloaded using link preload but not used within a few seconds from the window's load event. Please make sure it has an appropriate `as` value and it is preloaded intentionally.
[2026-03-27T05:25:59.741Z] [warning] The resource https://outlierkit.com/image-assets/testimonials/Gautham.jpg was preloaded using link preload but not used within a few seconds from the window's load event. Please make sure it has an appropriate `as` value and it is preloaded intentionally.
[2026-03-27T05:30:59.072Z] [warning] The resource https://outlierkit.com/image-assets/testimonials/Ayush.jpg was preloaded using link preload but not used within a few seconds from the window's load event. Please make sure it has an appropriate `as` value and it is preloaded intentionally.
[2026-03-27T05:30:59.072Z] [warning] The resource https://outlierkit.com/image-assets/testimonials/Vikash.jpg was preloaded using link preload but not used within a few seconds from the window's load event. Please make sure it has an appropriate `as` value and it is preloaded intentionally.
[2026-03-27T05:30:59.072Z] [warning] The resource https://outlierkit.com/image-assets/testimonials/Swapnil.jpg was preloaded using link preload but not used within a few seconds from the window's load event. Please make sure it has an appropriate `as` value and it is preloaded intentionally.
[2026-03-27T05:30:59.072Z] [warning] The resource https://outlierkit.com/image-assets/testimonials/Vishal.jpg was preloaded using link preload but not used within a few seconds from the window's load event. Please make sure it has an appropriate `as` value and it is preloaded intentionally.
[2026-03-27T05:30:59.072Z] [warning] The resource https://outlierkit.com/image-assets/testimonials/Gautham.jpg was preloaded using link preload but not used within a few seconds from the window's load event. Please make sure it has an appropriate `as` value and it is preloaded intentionally.
[2026-03-27T05:36:00.273Z] [warning] The resource https://outlierkit.com/image-assets/testimonials/Ayush.jpg was preloaded using link preload but not used within a few seconds from the window's load event. Please make sure it has an appropriate `as` value and it is preloaded intentionally.
[2026-03-27T05:36:00.273Z] [warning] The resource https://outlierkit.com/image-assets/testimonials/Vikash.jpg was preloaded using link preload but not used within a few seconds from the window's load event. Please make sure it has an appropriate `as` value and it is preloaded intentionally.
[2026-03-27T05:36:00.273Z] [warning] The resource https://outlierkit.com/image-assets/testimonials/Swapnil.jpg was preloaded using link preload but not used within a few seconds from the window's load event. Please make sure it has an appropriate `as` value and it is preloaded intentionally.
[2026-03-27T05:36:00.273Z] [warning] The resource https://outlierkit.com/image-assets/testimonials/Vishal.jpg was preloaded using link preload but not used within a few seconds from the window's load event. Please make sure it has an appropriate `as` value and it is preloaded intentionally.
[2026-03-27T05:36:00.273Z] [warning] The resource https://outlierkit.com/image-assets/testimonials/Gautham.jpg was preloaded using link preload but not used within a few seconds from the window's load event. Please make sure it has an appropriate `as` value and it is preloaded intentionally.
